// Jest Snapshot v1, https://goo.gl/fbAQLP

exports[`Renders the Home page 1`] = `
<main>
  <div>
    <h1>
      Welcome to our page!
    </h1>
    <p>
      Lorem ipsum dolor sit amet consectetur adipisicing elit. Aliquid, facere sapiente. Distinctio facilis dignissimos, ipsam vero qui asperiores. Sapiente esse cupiditate saepe tempora, eum totam quibusdam voluptatem quae labore aliquid?
    </p>
    <p>
      Lorem ipsum dolor sit amet consectetur adipisicing elit. Aliquid, facere sapiente. Distinctio facilis dignissimos, ipsam vero qui asperiores. Sapiente esse cupiditate saepe tempora, eum totam quibusdam voluptatem quae labore aliquid?
    </p>
  </div>
</main>
`;
